// Jest Snapshot v1, https://goo.gl/fbAQLP

exports[`Cell Renders a cell 1`] = `
<table>
  <tbody>
    <tr>
      <td
        className=""
      >
        <div
          className="reactTableCell"
        >
          <span
            onClick={[Function]}
            onDoubleClick={[Function]}
            onKeyDown={[Function]}
            role="textbox"
            tabIndex={0}
          >
            test
          </span>
        </div>
      </td>
    </tr>
  </tbody>
</table>
`;
